core file size          (blocks, -c) 0
data seg size           (kbytes, -d) unlimited
scheduling priority             (-e) 0
file size               (blocks, -f) unlimited
pending signals                 (-i) 1026535
max locked memory       (kbytes, -l) unlimited
max memory size         (kbytes, -m) 221773824
open files                      (-n) 131072
pipe size            (512 bytes, -p) 8
POSIX message queues     (bytes, -q) 819200
real-time priority              (-r) 0
stack size              (kbytes, -s) unlimited
cpu time               (seconds, -t) unlimited
max user processes              (-u) 1026535
virtual memory          (kbytes, -v) unlimited
file locks                      (-x) unlimited
Currently Loaded Modulefiles:
  1) intel/2024.2                     8) PrgEnv-intel/8.5.0
  2) craype/2.7.32                    9) cray-hdf5/1.14.3.1
  3) cray-dsmml/0.3.0                10) cray-netcdf/4.9.0.13
  4) libfabric/1.20.1                11) cray-parallel-netcdf/1.12.3.13
  5) craype-network-ofi              12) craype-x86-rome
  6) cray-mpich/8.1.30               13) atp/3.15.4
  7) cray-libsci/24.07.0
++ hostname
+ echo 'Running on :' nid000015
Running on : nid000015
+ cd /scratch/lus/tmp/slurm.7595293
++ expr 2026081812
++ cut -c9-10
+ export CYCLE=12
+ CYCLE=12
++ /scratch/lus/dev/bin/smsdate +204 2026081812
+ export ACTUAL_DATE=2026082700
+ ACTUAL_DATE=2026082700
+ export tmmark=tm12
+ tmmark=tm12
+ export EXEC=/scratch/lus/arw/model/src/post/intel/UPPV4.1/exec/unipost.mpas.exe
+ EXEC=/scratch/lus/arw/model/src/post/intel/UPPV4.1/exec/unipost.mpas.exe
+ : /scratch/lus/dev/bin/pcnvgrib.py
+ ln -sf /scratch/lus/arw/model/etc/input_stations_global input_stations
+ ln -sf /scratch/lus/arw/model/src/post/intel/UPPV4.1/parm/post_avblflds.xml .
+ ln -sf /scratch/lus/arw/model/src/post/intel/UPPV4.1/parm/post_avblflds_raphrrr.xml .
+ ln -sf /scratch/lus/arw/model/src/post/intel/UPPV4.1/parm/post_avblflds_comupp.xml .
+ ln -sf /scratch/lus/arw/model/src/post/intel/UPPV4.1/parm/params_grib2_tbl_new params_grib2_tbl_new
+ ln -sf /scratch/lus/arw/model/src/post/intel/UPPV4.1/parm/nam_micro_lookup.dat .
+ ln -sf /scratch/lus/arw/model/src/post/intel/UPPV4.1/parm/hires_micro_lookup.dat .
+ ln -sf /scratch/lus/arw/model/src/post/intel/UPPV4.1/parm/postxconfig.mpas.txt postxconfig-NT.txt
+ ln -sf /scratch/lus/arw/model/src/post/intel/UPPV4.1/parm/optics_luts_DUST.dat /scratch/lus/arw/model/src/post/intel/UPPV4.1/parm/optics_luts_SALT.dat /scratch/lus/arw/model/src/post/intel/UPPV4.1/parm/optics_luts_SOOT.dat /scratch/lus/arw/model/src/post/intel/UPPV4.1/parm/optics_luts_SUSO.dat /scratch/lus/arw/model/src/post/intel/UPPV4.1/parm/optics_luts_WASO.dat .
+ ln -sf /scratch/lus/arw/model/src/post/intel/UPPV4.1/sorc/comlibs/crtm2/src/fix/EmisCoeff/IR_Water/Big_Endian/Nalli.IRwater.EmisCoeff.bin ./
+ ln -sf /scratch/lus/arw/model/src/post/intel/UPPV4.1/sorc/comlibs/crtm2/src/fix/EmisCoeff/MW_Water/Big_Endian/FASTEM4.MWwater.EmisCoeff.bin ./
+ ln -sf /scratch/lus/arw/model/src/post/intel/UPPV4.1/sorc/comlibs/crtm2/src/fix/EmisCoeff/MW_Water/Big_Endian/FASTEM5.MWwater.EmisCoeff.bin ./
+ ln -sf /scratch/lus/arw/model/src/post/intel/UPPV4.1/sorc/comlibs/crtm2/src/fix/EmisCoeff/MW_Water/Big_Endian/FASTEM6.MWwater.EmisCoeff.bin ./
+ ln -sf /scratch/lus/arw/model/src/post/intel/UPPV4.1/sorc/comlibs/crtm2/src/fix/EmisCoeff/IR_Land/SEcategory/Big_Endian/NPOESS.IRland.EmisCoeff.bin ./
+ ln -sf /scratch/lus/arw/model/src/post/intel/UPPV4.1/sorc/comlibs/crtm2/src/fix/EmisCoeff/IR_Snow/SEcategory/Big_Endian/NPOESS.IRsnow.EmisCoeff.bin ./
+ ln -sf /scratch/lus/arw/model/src/post/intel/UPPV4.1/sorc/comlibs/crtm2/src/fix/EmisCoeff/IR_Ice/SEcategory/Big_Endian/NPOESS.IRice.EmisCoeff.bin ./
+ ln -sf /scratch/lus/arw/model/src/post/intel/UPPV4.1/sorc/comlibs/crtm2/src/fix/AerosolCoeff/Big_Endian/AerosolCoeff.bin ./
+ ln -sf /scratch/lus/arw/model/src/post/intel/UPPV4.1/sorc/comlibs/crtm2/src/fix/CloudCoeff/Big_Endian/CloudCoeff.bin ./
+ ln -sf /scratch/lus/arw/model/src/post/intel/UPPV4.1/sorc/comlibs/crtm2/src/fix/SpcCoeff/Big_Endian/imgr_g11.SpcCoeff.bin ./
+ ln -sf /scratch/lus/arw/model/src/post/intel/UPPV4.1/sorc/comlibs/crtm2/src/fix/TauCoeff/ODPS/Big_Endian/imgr_g11.TauCoeff.bin ./
+ ln -sf /scratch/lus/arw/model/src/post/intel/UPPV4.1/sorc/comlibs/crtm2/src/fix/SpcCoeff/Big_Endian/imgr_g12.SpcCoeff.bin ./
+ ln -sf /scratch/lus/arw/model/src/post/intel/UPPV4.1/sorc/comlibs/crtm2/src/fix/TauCoeff/ODPS/Big_Endian/imgr_g12.TauCoeff.bin ./
+ ln -sf /scratch/lus/arw/model/src/post/intel/UPPV4.1/sorc/comlibs/crtm2/src/fix/SpcCoeff/Big_Endian/imgr_g13.SpcCoeff.bin ./
+ ln -sf /scratch/lus/arw/model/src/post/intel/UPPV4.1/sorc/comlibs/crtm2/src/fix/TauCoeff/ODPS/Big_Endian/imgr_g13.TauCoeff.bin ./
+ ln -sf /scratch/lus/arw/model/src/post/intel/UPPV4.1/sorc/comlibs/crtm2/src/fix/SpcCoeff/Big_Endian/imgr_g15.SpcCoeff.bin ./
+ ln -sf /scratch/lus/arw/model/src/post/intel/UPPV4.1/sorc/comlibs/crtm2/src/fix/TauCoeff/ODPS/Big_Endian/imgr_g15.TauCoeff.bin ./
+ ln -sf /scratch/lus/arw/model/src/post/intel/UPPV4.1/sorc/comlibs/crtm2/src/fix/SpcCoeff/Big_Endian/imgr_mt1r.SpcCoeff.bin ./
+ ln -sf /scratch/lus/arw/model/src/post/intel/UPPV4.1/sorc/comlibs/crtm2/src/fix/TauCoeff/ODPS/Big_Endian/imgr_mt1r.TauCoeff.bin
+ ln -sf /scratch/lus/arw/model/src/post/intel/UPPV4.1/sorc/comlibs/crtm2/src/fix/SpcCoeff/Big_Endian/imgr_mt2.SpcCoeff.bin ./
+ ln -sf /scratch/lus/arw/model/src/post/intel/UPPV4.1/sorc/comlibs/crtm2/src/fix/TauCoeff/ODPS/Big_Endian/imgr_mt2.TauCoeff.bin
+ ln -sf /scratch/lus/arw/model/src/post/intel/UPPV4.1/sorc/comlibs/crtm2/src/fix/SpcCoeff/Big_Endian/imgr_insat3d.SpcCoeff.bin ./
+ ln -sf /scratch/lus/arw/model/src/post/intel/UPPV4.1/sorc/comlibs/crtm2/src/fix/TauCoeff/ODPS/Big_Endian/imgr_insat3d.TauCoeff.bin
+ ln -sf /scratch/lus/arw/model/src/post/intel/UPPV4.1/sorc/comlibs/crtm2/src/fix/SpcCoeff/Big_Endian/amsre_aqua.SpcCoeff.bin ./
+ ln -sf /scratch/lus/arw/model/src/post/intel/UPPV4.1/sorc/comlibs/crtm2/src/fix/TauCoeff/ODPS/Big_Endian/amsre_aqua.TauCoeff.bin ./
+ ln -sf /scratch/lus/arw/model/src/post/intel/UPPV4.1/sorc/comlibs/crtm2/src/fix/SpcCoeff/Big_Endian/tmi_trmm.SpcCoeff.bin ./
+ ln -sf /scratch/lus/arw/model/src/post/intel/UPPV4.1/sorc/comlibs/crtm2/src/fix/TauCoeff/ODPS/Big_Endian/tmi_trmm.TauCoeff.bin ./
+ ln -sf /scratch/lus/arw/model/src/post/intel/UPPV4.1/sorc/comlibs/crtm2/src/fix/SpcCoeff/Big_Endian/ssmi_f13.SpcCoeff.bin ./
+ ln -sf /scratch/lus/arw/model/src/post/intel/UPPV4.1/sorc/comlibs/crtm2/src/fix/TauCoeff/ODPS/Big_Endian/ssmi_f13.TauCoeff.bin ./
+ ln -sf /scratch/lus/arw/model/src/post/intel/UPPV4.1/sorc/comlibs/crtm2/src/fix/SpcCoeff/Big_Endian/ssmi_f14.SpcCoeff.bin ./
+ ln -sf /scratch/lus/arw/model/src/post/intel/UPPV4.1/sorc/comlibs/crtm2/src/fix/TauCoeff/ODPS/Big_Endian/ssmi_f14.TauCoeff.bin ./
+ ln -sf /scratch/lus/arw/model/src/post/intel/UPPV4.1/sorc/comlibs/crtm2/src/fix/SpcCoeff/Big_Endian/ssmi_f15.SpcCoeff.bin ./
+ ln -sf /scratch/lus/arw/model/src/post/intel/UPPV4.1/sorc/comlibs/crtm2/src/fix/TauCoeff/ODPS/Big_Endian/ssmi_f15.TauCoeff.bin ./
+ ln -sf /scratch/lus/arw/model/src/post/intel/UPPV4.1/sorc/comlibs/crtm2/src/fix/SpcCoeff/Big_Endian/ssmis_f16.SpcCoeff.bin ./
+ ln -sf /scratch/lus/arw/model/src/post/intel/UPPV4.1/sorc/comlibs/crtm2/src/fix/TauCoeff/ODPS/Big_Endian/ssmis_f16.TauCoeff.bin ./
+ ln -sf /scratch/lus/arw/model/src/post/intel/UPPV4.1/sorc/comlibs/crtm2/src/fix/SpcCoeff/Big_Endian/ssmis_f17.SpcCoeff.bin ./
+ ln -sf /scratch/lus/arw/model/src/post/intel/UPPV4.1/sorc/comlibs/crtm2/src/fix/TauCoeff/ODPS/Big_Endian/ssmis_f17.TauCoeff.bin ./
+ ln -sf /scratch/lus/arw/model/src/post/intel/UPPV4.1/sorc/comlibs/crtm2/src/fix/SpcCoeff/Big_Endian/ssmis_f18.SpcCoeff.bin ./
+ ln -sf /scratch/lus/arw/model/src/post/intel/UPPV4.1/sorc/comlibs/crtm2/src/fix/TauCoeff/ODPS/Big_Endian/ssmis_f18.TauCoeff.bin ./
+ ln -sf /scratch/lus/arw/model/src/post/intel/UPPV4.1/sorc/comlibs/crtm2/src/fix/SpcCoeff/Big_Endian/ssmis_f19.SpcCoeff.bin ./
+ ln -sf /scratch/lus/arw/model/src/post/intel/UPPV4.1/sorc/comlibs/crtm2/src/fix/TauCoeff/ODPS/Big_Endian/ssmis_f19.TauCoeff.bin ./
+ ln -sf /scratch/lus/arw/model/src/post/intel/UPPV4.1/sorc/comlibs/crtm2/src/fix/SpcCoeff/Big_Endian/ssmis_f20.SpcCoeff.bin ./
+ ln -sf /scratch/lus/arw/model/src/post/intel/UPPV4.1/sorc/comlibs/crtm2/src/fix/TauCoeff/ODPS/Big_Endian/ssmis_f20.TauCoeff.bin ./
+ ln -sf /scratch/lus/arw/model/src/post/intel/UPPV4.1/sorc/comlibs/crtm2/src/fix/SpcCoeff/Big_Endian/seviri_m10.SpcCoeff.bin ./
+ ln -sf /scratch/lus/arw/model/src/post/intel/UPPV4.1/sorc/comlibs/crtm2/src/fix/TauCoeff/ODPS/Big_Endian/seviri_m10.TauCoeff.bin ./
+ ln -sf /scratch/lus/arw/model/src/post/intel/UPPV4.1/sorc/comlibs/crtm2/src/fix/SpcCoeff/Big_Endian/v.seviri_m10.SpcCoeff.bin ./
+ ln -sf /scratch/lus/arw/model/src/post/intel/UPPV4.1/sorc/comlibs/crtm2/src/fix/TauCoeff/ODPS/Big_Endian/abi_gr.TauCoeff.bin ./
+ ln -sf /scratch/lus/arw/model/src/post/intel/UPPV4.1/sorc/comlibs/crtm2/src/fix/SpcCoeff/Big_Endian/abi_gr.SpcCoeff.bin ./
+ ln -sf griddef.out fort.110
+ cp /scratch/lus/arw/model/src/post/intel/UPPV4.1/parm/wrf_cntrl.mpas.parm wrf_cntrl.parm
+ cp /scratch/lus/arw/model/src/post/intel/UPPV4.1/parm/wrf_cntrl.mpas.parm fort.14
++ expr 2026082700
++ cut -c1-4
+ aa=2026
++ expr 2026082700
++ cut -c5-6
+ mm=08
++ expr 2026082700
++ cut -c7-8
+ jj=27
++ expr 2026082700
++ cut -c9-10
+ hh=00
+ export JULYR=2026
+ JULYR=2026
++ date -d 2026-08-27 +%j
+ export JULDAY=239
+ JULDAY=239
++ expr 2026081812
++ cut -c1-4
+ export START_YEAR=2026
+ START_YEAR=2026
++ expr 2026081812
++ cut -c5-6
+ export START_MONTH=08
+ START_MONTH=08
++ expr 2026081812
++ cut -c7-8
+ export START_DAY=18
+ START_DAY=18
++ expr 2026081812
++ cut -c9-10
+ export START_HOUR=12
+ START_HOUR=12
+ '[' 204 -eq 0 ']'
++ /scratch/lus/dev/bin/smsdate -1 2026082700
++ cut -c1-4
+ aap=2026
++ /scratch/lus/dev/bin/smsdate -1 2026082700
++ cut -c5-6
+ mmp=08
++ /scratch/lus/dev/bin/smsdate -1 2026082700
++ cut -c7-8
+ jjp=26
++ /scratch/lus/dev/bin/smsdate -1 2026082700
++ cut -c9-10
+ hhp=23
+ cat
+ cat
+ export 'MPICH_MPIIO_HINTS=*/mpsout.d01.*:cb_nodes=8:striping_factor=6,*/MPASPR*:cb_nodes=8:striping_factor=8,*/mpsprs.*:cb_nodes=8:striping_factor=6'
+ MPICH_MPIIO_HINTS='*/mpsout.d01.*:cb_nodes=8:striping_factor=6,*/MPASPR*:cb_nodes=8:striping_factor=8,*/mpsprs.*:cb_nodes=8:striping_factor=6'
+ export MPICH_RANK_REORDER_METHOD=0
+ MPICH_RANK_REORDER_METHOD=0
+ export MPICH_PTL_MATCH_OFF=1
+ MPICH_PTL_MATCH_OFF=1
+ TARGET=/scratch/lus/tmp/arw/day//r12/mpsout.d01.2026-08-27_00_00_00.nc
+ (( i=0 ))
+ (( i<180 ))
+ [[ -f /scratch/lus/tmp/arw/day//r12/mpsout.d01.2026-08-27_00_00_00.nc ]]
++ du -sk /scratch/lus/tmp/arw/day//r12/mpsout.d01.2026-08-27_00_00_00.nc
++ awk '{print $1}'
+ [[ 29009580 -gt 20000000 ]]
+ ln -sf /scratch/lus/tmp/arw/day//r12/mpsout.d01.2026-08-27_00_00_00.nc .
+ echo 'File ready: /scratch/lus/tmp/arw/day//r12/mpsout.d01.2026-08-27_00_00_00.nc'
File ready: /scratch/lus/tmp/arw/day//r12/mpsout.d01.2026-08-27_00_00_00.nc
+ break
+ (( i == 180 ))
+ '[' '!' -s /scratch/lus/tmp/arw/day//r12/mpsprs.2026-08-27_00_00_00.grb1 ']'
+ '[' '!' -s /scratch/lus/tmp/arw/day//r12/mpsprs.2026-08-27_00_00_00.grb ']'
+ /usr/bin/time -v /scratch/lus/dev/bin/pcnvgrib.py -g12 -nv -p40 -j 8 --tmpdir /scratch/lus/tmp/slurm.7595293 /scratch/lus/tmp/arw/day//r12/mpsprs.2026-08-27_00_00_00.grb1 /scratch/lus/tmp/arw/day//r12/mpsprs.2026-08-27_00_00_00.grb
  File "/scratch/lus/dev/bin/pcnvgrib.py", line 16
    from __future__ import annotations
    ^
SyntaxError: future feature annotations is not defined
Command exited with non-zero status 1
	Command being timed: "/scratch/lus/dev/bin/pcnvgrib.py -g12 -nv -p40 -j 8 --tmpdir /scratch/lus/tmp/slurm.7595293 /scratch/lus/tmp/arw/day//r12/mpsprs.2026-08-27_00_00_00.grb1 /scratch/lus/tmp/arw/day//r12/mpsprs.2026-08-27_00_00_00.grb"
	User time (seconds): 0.01
	System time (seconds): 0.01
	Percent of CPU this job got: 83%
	Elapsed (wall clock) time (h:mm:ss or m:ss): 0:00.03
	Average shared text size (kbytes): 0
	Average unshared data size (kbytes): 0
	Average stack size (kbytes): 0
	Average total size (kbytes): 0
	Maximum resident set size (kbytes): 8568
	Average resident set size (kbytes): 0
	Major (requiring I/O) page faults: 0
	Minor (reclaiming a frame) page faults: 1621
	Voluntary context switches: 50
	Involuntary context switches: 0
	Swaps: 0
	File system inputs: 72
	File system outputs: 0
	Socket messages sent: 0
	Socket messages received: 0
	Signals delivered: 0
	Page size (bytes): 4096
	Exit status: 1
+ mkdir -p /scratch/lus/data/MPS/windjson/2026081812/SRFC/
+ '[' '!' -s /scratch/lus/data/MPS/windjson/2026081812/SRFC/2026082700.json ']'
+ /usr/bin/time -v /scratch/lus/dev/bin/wgrib2 -match '10 m above ground' -GRIB wind.grb /scratch/lus/tmp/arw/day//r12/mpsprs.2026-08-27_00_00_00.grb

*** FATAL ERROR: missing input file /scratch/lus/tmp/arw/day//r12/mpsprs.2026-08-27_00_00_00.grb ***

Command exited with non-zero status 8
	Command being timed: "/scratch/lus/dev/bin/wgrib2 -match 10 m above ground -GRIB wind.grb /scratch/lus/tmp/arw/day//r12/mpsprs.2026-08-27_00_00_00.grb"
	User time (seconds): 0.01
	System time (seconds): 0.02
	Percent of CPU this job got: 23%
	Elapsed (wall clock) time (h:mm:ss or m:ss): 0:00.16
	Average shared text size (kbytes): 0
	Average unshared data size (kbytes): 0
	Average stack size (kbytes): 0
	Average total size (kbytes): 0
	Maximum resident set size (kbytes): 11192
	Average resident set size (kbytes): 0
	Major (requiring I/O) page faults: 516
	Minor (reclaiming a frame) page faults: 785
	Voluntary context switches: 525
	Involuntary context switches: 0
	Swaps: 0
	File system inputs: 21944
	File system outputs: 0
	Socket messages sent: 0
	Socket messages received: 0
	Signals delivered: 0
	Page size (bytes): 4096
	Exit status: 8
+ /usr/bin/time -v /scratch/lus/dev/bin/cdo remapbil,/scratch/lus/arw/model/etc/gfs.griddes wind.grb wind.reduced.grb
cdo    remapbil: Open failed on >wind.grb<
                 File is empty
Command exited with non-zero status 1
	Command being timed: "/scratch/lus/dev/bin/cdo remapbil,/scratch/lus/arw/model/etc/gfs.griddes wind.grb wind.reduced.grb"
	User time (seconds): 0.02
	System time (seconds): 0.04
	Percent of CPU this job got: 30%
	Elapsed (wall clock) time (h:mm:ss or m:ss): 0:00.25
	Average shared text size (kbytes): 0
	Average unshared data size (kbytes): 0
	Average stack size (kbytes): 0
	Average total size (kbytes): 0
	Maximum resident set size (kbytes): 26244
	Average resident set size (kbytes): 0
	Major (requiring I/O) page faults: 1368
	Minor (reclaiming a frame) page faults: 2474
	Voluntary context switches: 992
	Involuntary context switches: 1
	Swaps: 0
	File system inputs: 40376
	File system outputs: 0
	Socket messages sent: 0
	Socket messages received: 0
	Signals delivered: 0
	Page size (bytes): 4096
	Exit status: 1
+ /usr/bin/time -v /scratch/lus/dev/bin/grib2json --names --data --fp wind --fs 103 --fv 10.0 wind.reduced.grb
Cannot find input file: wind.reduced.grb
Command exited with non-zero status 1
	Command being timed: "/scratch/lus/dev/bin/grib2json --names --data --fp wind --fs 103 --fv 10.0 wind.reduced.grb"
	User time (seconds): 0.56
	System time (seconds): 0.06
	Percent of CPU this job got: 202%
	Elapsed (wall clock) time (h:mm:ss or m:ss): 0:00.31
	Average shared text size (kbytes): 0
	Average unshared data size (kbytes): 0
	Average stack size (kbytes): 0
	Average total size (kbytes): 0
	Maximum resident set size (kbytes): 87728
	Average resident set size (kbytes): 0
	Major (requiring I/O) page faults: 0
	Minor (reclaiming a frame) page faults: 11223
	Voluntary context switches: 2421
	Involuntary context switches: 2
	Swaps: 0
	File system inputs: 8120
	File system outputs: 0
	Socket messages sent: 0
	Socket messages received: 0
	Signals delivered: 0
	Page size (bytes): 4096
	Exit status: 1
+ jq -c . wind.json
+ /bin/rm wind.grb wind.reduced.grb wind.json
/bin/rm: cannot remove 'wind.reduced.grb': No such file or directory
+ mkdir -p /scratch/lus/data/MPS/windjson/2026081812/850/
+ '[' '!' -s /scratch/lus/data/MPS/windjson/2026081812/850/2026082700.json ']'
+ /usr/bin/time -v /scratch/lus/dev/bin/wgrib2 -match 'UGRD:850|VGRD:850' -GRIB wind.grb /scratch/lus/tmp/arw/day//r12/mpsprs.2026-08-27_00_00_00.grb

*** FATAL ERROR: missing input file /scratch/lus/tmp/arw/day//r12/mpsprs.2026-08-27_00_00_00.grb ***

Command exited with non-zero status 8
	Command being timed: "/scratch/lus/dev/bin/wgrib2 -match UGRD:850|VGRD:850 -GRIB wind.grb /scratch/lus/tmp/arw/day//r12/mpsprs.2026-08-27_00_00_00.grb"
	User time (seconds): 0.01
	System time (seconds): 0.00
	Percent of CPU this job got: 41%
	Elapsed (wall clock) time (h:mm:ss or m:ss): 0:00.05
	Average shared text size (kbytes): 0
	Average unshared data size (kbytes): 0
	Average stack size (kbytes): 0
	Average total size (kbytes): 0
	Maximum resident set size (kbytes): 11160
	Average resident set size (kbytes): 0
	Major (requiring I/O) page faults: 0
	Minor (reclaiming a frame) page faults: 1299
	Voluntary context switches: 14
	Involuntary context switches: 0
	Swaps: 0
	File system inputs: 0
	File system outputs: 8
	Socket messages sent: 0
	Socket messages received: 0
	Signals delivered: 0
	Page size (bytes): 4096
	Exit status: 8
+ /usr/bin/time -v /scratch/lus/dev/bin/cdo remapbil,/scratch/lus/arw/model/etc/gfs.griddes wind.grb wind.reduced.grb
cdo    remapbil: Open failed on >wind.grb<
                 File is empty
Command exited with non-zero status 1
	Command being timed: "/scratch/lus/dev/bin/cdo remapbil,/scratch/lus/arw/model/etc/gfs.griddes wind.grb wind.reduced.grb"
	User time (seconds): 0.03
	System time (seconds): 0.01
	Percent of CPU this job got: 82%
	Elapsed (wall clock) time (h:mm:ss or m:ss): 0:00.05
	Average shared text size (kbytes): 0
	Average unshared data size (kbytes): 0
	Average stack size (kbytes): 0
	Average total size (kbytes): 0
	Maximum resident set size (kbytes): 26196
	Average resident set size (kbytes): 0
	Major (requiring I/O) page faults: 1
	Minor (reclaiming a frame) page faults: 3839
	Voluntary context switches: 161
	Involuntary context switches: 2
	Swaps: 0
	File system inputs: 0
	File system outputs: 0
	Socket messages sent: 0
	Socket messages received: 0
	Signals delivered: 0
	Page size (bytes): 4096
	Exit status: 1
+ /usr/bin/time -v /scratch/lus/dev/bin/grib2json --data wind.reduced.grb
Cannot find input file: wind.reduced.grb
Command exited with non-zero status 1
	Command being timed: "/scratch/lus/dev/bin/grib2json --data wind.reduced.grb"
	User time (seconds): 0.56
	System time (seconds): 0.06
	Percent of CPU this job got: 224%
	Elapsed (wall clock) time (h:mm:ss or m:ss): 0:00.27
	Average shared text size (kbytes): 0
	Average unshared data size (kbytes): 0
	Average stack size (kbytes): 0
	Average total size (kbytes): 0
	Maximum resident set size (kbytes): 88260
	Average resident set size (kbytes): 0
	Major (requiring I/O) page faults: 0
	Minor (reclaiming a frame) page faults: 10879
	Voluntary context switches: 2603
	Involuntary context switches: 2
	Swaps: 0
	File system inputs: 0
	File system outputs: 0
	Socket messages sent: 0
	Socket messages received: 0
	Signals delivered: 0
	Page size (bytes): 4096
	Exit status: 1
+ jq -c . wind.json
+ /bin/rm wind.grb wind.reduced.grb wind.json
/bin/rm: cannot remove 'wind.reduced.grb': No such file or directory
+ mkdir -p /scratch/lus/data/MPS/windjson/2026081812/500/
+ '[' '!' -s /scratch/lus/data/MPS/windjson/2026081812/500/2026082700.json ']'
+ /usr/bin/time -v /scratch/lus/dev/bin/wgrib2 -match 'UGRD:500|VGRD:500' -GRIB wind.grb /scratch/lus/tmp/arw/day//r12/mpsprs.2026-08-27_00_00_00.grb

*** FATAL ERROR: missing input file /scratch/lus/tmp/arw/day//r12/mpsprs.2026-08-27_00_00_00.grb ***

Command exited with non-zero status 8
	Command being timed: "/scratch/lus/dev/bin/wgrib2 -match UGRD:500|VGRD:500 -GRIB wind.grb /scratch/lus/tmp/arw/day//r12/mpsprs.2026-08-27_00_00_00.grb"
	User time (seconds): 0.01
	System time (seconds): 0.01
	Percent of CPU this job got: 43%
	Elapsed (wall clock) time (h:mm:ss or m:ss): 0:00.05
	Average shared text size (kbytes): 0
	Average unshared data size (kbytes): 0
	Average stack size (kbytes): 0
	Average total size (kbytes): 0
	Maximum resident set size (kbytes): 11044
	Average resident set size (kbytes): 0
	Major (requiring I/O) page faults: 0
	Minor (reclaiming a frame) page faults: 1301
	Voluntary context switches: 14
	Involuntary context switches: 1
	Swaps: 0
	File system inputs: 0
	File system outputs: 0
	Socket messages sent: 0
	Socket messages received: 0
	Signals delivered: 0
	Page size (bytes): 4096
	Exit status: 8
+ /usr/bin/time -v /scratch/lus/dev/bin/cdo remapbil,/scratch/lus/arw/model/etc/gfs.griddes wind.grb wind.reduced.grb
cdo    remapbil: Open failed on >wind.grb<
                 File is empty
Command exited with non-zero status 1
	Command being timed: "/scratch/lus/dev/bin/cdo remapbil,/scratch/lus/arw/model/etc/gfs.griddes wind.grb wind.reduced.grb"
	User time (seconds): 0.02
	System time (seconds): 0.02
	Percent of CPU this job got: 82%
	Elapsed (wall clock) time (h:mm:ss or m:ss): 0:00.05
	Average shared text size (kbytes): 0
	Average unshared data size (kbytes): 0
	Average stack size (kbytes): 0
	Average total size (kbytes): 0
	Maximum resident set size (kbytes): 26164
	Average resident set size (kbytes): 0
	Major (requiring I/O) page faults: 1
	Minor (reclaiming a frame) page faults: 3841
	Voluntary context switches: 147
	Involuntary context switches: 0
	Swaps: 0
	File system inputs: 0
	File system outputs: 0
	Socket messages sent: 0
	Socket messages received: 0
	Signals delivered: 0
	Page size (bytes): 4096
	Exit status: 1
+ /usr/bin/time -v /scratch/lus/dev/bin/grib2json --data wind.reduced.grb
Cannot find input file: wind.reduced.grb
Command exited with non-zero status 1
	Command being timed: "/scratch/lus/dev/bin/grib2json --data wind.reduced.grb"
	User time (seconds): 0.54
	System time (seconds): 0.08
	Percent of CPU this job got: 225%
	Elapsed (wall clock) time (h:mm:ss or m:ss): 0:00.28
	Average shared text size (kbytes): 0
	Average unshared data size (kbytes): 0
	Average stack size (kbytes): 0
	Average total size (kbytes): 0
	Maximum resident set size (kbytes): 87636
	Average resident set size (kbytes): 0
	Major (requiring I/O) page faults: 0
	Minor (reclaiming a frame) page faults: 11316
	Voluntary context switches: 2434
	Involuntary context switches: 4
	Swaps: 0
	File system inputs: 0
	File system outputs: 0
	Socket messages sent: 0
	Socket messages received: 0
	Signals delivered: 0
	Page size (bytes): 4096
	Exit status: 1
+ jq -c . wind.json
+ /bin/rm wind.grb wind.reduced.grb wind.json
/bin/rm: cannot remove 'wind.reduced.grb': No such file or directory
+ mkdir -p /scratch/lus/data/MPS/windjson/2026081812/700/
+ '[' '!' -s /scratch/lus/data/MPS/windjson/2026081812/700/2026082700.json ']'
+ /usr/bin/time -v /scratch/lus/dev/bin/wgrib2 -match 'UGRD:700|VGRD:700' -GRIB wind.grb /scratch/lus/tmp/arw/day//r12/mpsprs.2026-08-27_00_00_00.grb

*** FATAL ERROR: missing input file /scratch/lus/tmp/arw/day//r12/mpsprs.2026-08-27_00_00_00.grb ***

Command exited with non-zero status 8
	Command being timed: "/scratch/lus/dev/bin/wgrib2 -match UGRD:700|VGRD:700 -GRIB wind.grb /scratch/lus/tmp/arw/day//r12/mpsprs.2026-08-27_00_00_00.grb"
	User time (seconds): 0.00
	System time (seconds): 0.01
	Percent of CPU this job got: 78%
	Elapsed (wall clock) time (h:mm:ss or m:ss): 0:00.02
	Average shared text size (kbytes): 0
	Average unshared data size (kbytes): 0
	Average stack size (kbytes): 0
	Average total size (kbytes): 0
	Maximum resident set size (kbytes): 11128
	Average resident set size (kbytes): 0
	Major (requiring I/O) page faults: 0
	Minor (reclaiming a frame) page faults: 1302
	Voluntary context switches: 13
	Involuntary context switches: 0
	Swaps: 0
	File system inputs: 0
	File system outputs: 0
	Socket messages sent: 0
	Socket messages received: 0
	Signals delivered: 0
	Page size (bytes): 4096
	Exit status: 8
+ /usr/bin/time -v /scratch/lus/dev/bin/cdo remapbil,/scratch/lus/arw/model/etc/gfs.griddes wind.grb wind.reduced.grb
cdo    remapbil: Open failed on >wind.grb<
                 File is empty
Command exited with non-zero status 1
	Command being timed: "/scratch/lus/dev/bin/cdo remapbil,/scratch/lus/arw/model/etc/gfs.griddes wind.grb wind.reduced.grb"
	User time (seconds): 0.01
	System time (seconds): 0.02
	Percent of CPU this job got: 78%
	Elapsed (wall clock) time (h:mm:ss or m:ss): 0:00.05
	Average shared text size (kbytes): 0
	Average unshared data size (kbytes): 0
	Average stack size (kbytes): 0
	Average total size (kbytes): 0
	Maximum resident set size (kbytes): 26004
	Average resident set size (kbytes): 0
	Major (requiring I/O) page faults: 1
	Minor (reclaiming a frame) page faults: 3838
	Voluntary context switches: 147
	Involuntary context switches: 1
	Swaps: 0
	File system inputs: 0
	File system outputs: 0
	Socket messages sent: 0
	Socket messages received: 0
	Signals delivered: 0
	Page size (bytes): 4096
	Exit status: 1
+ /usr/bin/time -v /scratch/lus/dev/bin/grib2json --data wind.reduced.grb
Cannot find input file: wind.reduced.grb
Command exited with non-zero status 1
	Command being timed: "/scratch/lus/dev/bin/grib2json --data wind.reduced.grb"
	User time (seconds): 0.54
	System time (seconds): 0.07
	Percent of CPU this job got: 219%
	Elapsed (wall clock) time (h:mm:ss or m:ss): 0:00.28
	Average shared text size (kbytes): 0
	Average unshared data size (kbytes): 0
	Average stack size (kbytes): 0
	Average total size (kbytes): 0
	Maximum resident set size (kbytes): 85732
	Average resident set size (kbytes): 0
	Major (requiring I/O) page faults: 0
	Minor (reclaiming a frame) page faults: 11298
	Voluntary context switches: 2408
	Involuntary context switches: 1
	Swaps: 0
	File system inputs: 0
	File system outputs: 8
	Socket messages sent: 0
	Socket messages received: 0
	Signals delivered: 0
	Page size (bytes): 4096
	Exit status: 1
+ jq -c . wind.json
+ /bin/rm wind.grb wind.reduced.grb wind.json
/bin/rm: cannot remove 'wind.reduced.grb': No such file or directory
+ mkdir -p /scratch/lus/data/MPS/windjson/2026081812/250/
+ '[' '!' -s /scratch/lus/data/MPS/windjson/2026081812/250/2026082700.json ']'
+ /usr/bin/time -v /scratch/lus/dev/bin/wgrib2 -match 'UGRD:250|VGRD:250' -GRIB wind.grb /scratch/lus/tmp/arw/day//r12/mpsprs.2026-08-27_00_00_00.grb

*** FATAL ERROR: missing input file /scratch/lus/tmp/arw/day//r12/mpsprs.2026-08-27_00_00_00.grb ***

Command exited with non-zero status 8
	Command being timed: "/scratch/lus/dev/bin/wgrib2 -match UGRD:250|VGRD:250 -GRIB wind.grb /scratch/lus/tmp/arw/day//r12/mpsprs.2026-08-27_00_00_00.grb"
	User time (seconds): 0.00
	System time (seconds): 0.02
	Percent of CPU this job got: 76%
	Elapsed (wall clock) time (h:mm:ss or m:ss): 0:00.03
	Average shared text size (kbytes): 0
	Average unshared data size (kbytes): 0
	Average stack size (kbytes): 0
	Average total size (kbytes): 0
	Maximum resident set size (kbytes): 11156
	Average resident set size (kbytes): 0
	Major (requiring I/O) page faults: 0
	Minor (reclaiming a frame) page faults: 1303
	Voluntary context switches: 13
	Involuntary context switches: 0
	Swaps: 0
	File system inputs: 0
	File system outputs: 0
	Socket messages sent: 0
	Socket messages received: 0
	Signals delivered: 0
	Page size (bytes): 4096
	Exit status: 8
+ /usr/bin/time -v /scratch/lus/dev/bin/cdo remapbil,/scratch/lus/arw/model/etc/gfs.griddes wind.grb wind.reduced.grb
cdo    remapbil: Open failed on >wind.grb<
                 File is empty
Command exited with non-zero status 1
	Command being timed: "/scratch/lus/dev/bin/cdo remapbil,/scratch/lus/arw/model/etc/gfs.griddes wind.grb wind.reduced.grb"
	User time (seconds): 0.01
	System time (seconds): 0.02
	Percent of CPU this job got: 76%
	Elapsed (wall clock) time (h:mm:ss or m:ss): 0:00.05
	Average shared text size (kbytes): 0
	Average unshared data size (kbytes): 0
	Average stack size (kbytes): 0
	Average total size (kbytes): 0
	Maximum resident set size (kbytes): 26216
	Average resident set size (kbytes): 0
	Major (requiring I/O) page faults: 1
	Minor (reclaiming a frame) page faults: 3841
	Voluntary context switches: 149
	Involuntary context switches: 1
	Swaps: 0
	File system inputs: 0
	File system outputs: 0
	Socket messages sent: 0
	Socket messages received: 0
	Signals delivered: 0
	Page size (bytes): 4096
	Exit status: 1
+ /usr/bin/time -v /scratch/lus/dev/bin/grib2json --data wind.reduced.grb
Cannot find input file: wind.reduced.grb
Command exited with non-zero status 1
	Command being timed: "/scratch/lus/dev/bin/grib2json --data wind.reduced.grb"
	User time (seconds): 0.55
	System time (seconds): 0.07
	Percent of CPU this job got: 225%
	Elapsed (wall clock) time (h:mm:ss or m:ss): 0:00.28
	Average shared text size (kbytes): 0
	Average unshared data size (kbytes): 0
	Average stack size (kbytes): 0
	Average total size (kbytes): 0
	Maximum resident set size (kbytes): 88180
	Average resident set size (kbytes): 0
	Major (requiring I/O) page faults: 0
	Minor (reclaiming a frame) page faults: 11288
	Voluntary context switches: 2578
	Involuntary context switches: 3
	Swaps: 0
	File system inputs: 0
	File system outputs: 0
	Socket messages sent: 0
	Socket messages received: 0
	Signals delivered: 0
	Page size (bytes): 4096
	Exit status: 1
+ jq -c . wind.json
+ /bin/rm wind.grb wind.reduced.grb wind.json
/bin/rm: cannot remove 'wind.reduced.grb': No such file or directory
