chem
scalars
latCell
lonCell
xCell
yCell
zCell
indexToCellID
latEdge
lonEdge
xEdge
yEdge
zEdge
indexToEdgeID
latVertex
lonVertex
xVertex
yVertex
zVertex
indexToVertexID
cellsOnEdge
nEdgesOnCell
nEdgesOnEdge
edgesOnCell
edgesOnEdge
weightsOnEdge
dvEdge
dcEdge
angleEdge
areaCell
areaTriangle
cellsOnCell
verticesOnCell
verticesOnEdge
edgesOnVertex
cellsOnVertex
kiteAreasOnVertex
meshDensity
zgrid
fzm
fzp
zz
initial_time
xtime
w
pressure
surface_pressure
mslp
theta
relhum
uReconstructZonal
uReconstructMeridional
iLev_DT
i_rainnc
rainnc
precipw
cuprec
i_rainc
rainc
kpbl
hpbl
hfx
qfx
dzs
lai
potevp
lh
u10
v10
q2
t2m
th2m
gsw
glw
olrtoa
acsnow
pin
mminlu
isice_lu
iswater_lu
xland
skintemp
snow
snowh
sst
vegfra
xice
seaice
sh2o
smois
tslb
refl10cm_max
sfc_emiss
snoalb
greenfrac
ust
cutop
cubot
canwat
smstot
smstav
sstsk
tmn
z0
sfc_albedo
ivgtyp
isltyp
erod
e_dust
